// Jest Snapshot v1, https://goo.gl/fbAQLP

exports[`HomeComponent should render 1`] = `
<div
  id="root0"
>
  <div
    class="home"
  >
    <h1
      class="title"
    >
      Home ðŸ˜Ž
    </h1>
    
    <div
      class="playlist-list"
    >
      <div
        class="playlist"
      >
        <ngx-skeleton-loader
          animation="progress-dark"
          class="playlist-img"
          count="1"
        >
          <div
            aria-busy="true"
            aria-label="loading"
            aria-valuemax="100"
            aria-valuemin="0"
            aria-valuetext="Loading..."
            class="skeleton-loader progress-dark"
            role="progressbar"
            style="height: 200px; width: 200px; background-color: rgb(44, 47, 49);"
            tabindex="-1"
          >
            
          </div>
          
        </ngx-skeleton-loader>
        <ngx-skeleton-loader
          animation="progress-dark"
          class="playlist-title"
          count="1"
        >
          <div
            aria-busy="true"
            aria-label="loading"
            aria-valuemax="100"
            aria-valuemin="0"
            aria-valuetext="Loading..."
            class="skeleton-loader progress-dark"
            role="progressbar"
            style="height: 24px; width: 200px; background-color: rgb(44, 47, 49);"
            tabindex="-1"
          >
            
          </div>
          
        </ngx-skeleton-loader>
      </div>
      <div
        class="playlist"
      >
        <ngx-skeleton-loader
          animation="progress-dark"
          class="playlist-img"
          count="1"
        >
          <div
            aria-busy="true"
            aria-label="loading"
            aria-valuemax="100"
            aria-valuemin="0"
            aria-valuetext="Loading..."
            class="skeleton-loader progress-dark"
            role="progressbar"
            style="height: 200px; width: 200px; background-color: rgb(44, 47, 49);"
            tabindex="-1"
          >
            
          </div>
          
        </ngx-skeleton-loader>
        <ngx-skeleton-loader
          animation="progress-dark"
          class="playlist-title"
          count="1"
        >
          <div
            aria-busy="true"
            aria-label="loading"
            aria-valuemax="100"
            aria-valuemin="0"
            aria-valuetext="Loading..."
            class="skeleton-loader progress-dark"
            role="progressbar"
            style="height: 24px; width: 200px; background-color: rgb(44, 47, 49);"
            tabindex="-1"
          >
            
          </div>
          
        </ngx-skeleton-loader>
      </div>
      <div
        class="playlist"
      >
        <ngx-skeleton-loader
          animation="progress-dark"
          class="playlist-img"
          count="1"
        >
          <div
            aria-busy="true"
            aria-label="loading"
            aria-valuemax="100"
            aria-valuemin="0"
            aria-valuetext="Loading..."
            class="skeleton-loader progress-dark"
            role="progressbar"
            style="height: 200px; width: 200px; background-color: rgb(44, 47, 49);"
            tabindex="-1"
          >
            
          </div>
          
        </ngx-skeleton-loader>
        <ngx-skeleton-loader
          animation="progress-dark"
          class="playlist-title"
          count="1"
        >
          <div
            aria-busy="true"
            aria-label="loading"
            aria-valuemax="100"
            aria-valuemin="0"
            aria-valuetext="Loading..."
            class="skeleton-loader progress-dark"
            role="progressbar"
            style="height: 24px; width: 200px; background-color: rgb(44, 47, 49);"
            tabindex="-1"
          >
            
          </div>
          
        </ngx-skeleton-loader>
      </div>
      <div
        class="playlist"
      >
        <ngx-skeleton-loader
          animation="progress-dark"
          class="playlist-img"
          count="1"
        >
          <div
            aria-busy="true"
            aria-label="loading"
            aria-valuemax="100"
            aria-valuemin="0"
            aria-valuetext="Loading..."
            class="skeleton-loader progress-dark"
            role="progressbar"
            style="height: 200px; width: 200px; background-color: rgb(44, 47, 49);"
            tabindex="-1"
          >
            
          </div>
          
        </ngx-skeleton-loader>
        <ngx-skeleton-loader
          animation="progress-dark"
          class="playlist-title"
          count="1"
        >
          <div
            aria-busy="true"
            aria-label="loading"
            aria-valuemax="100"
            aria-valuemin="0"
            aria-valuetext="Loading..."
            class="skeleton-loader progress-dark"
            role="progressbar"
            style="height: 24px; width: 200px; background-color: rgb(44, 47, 49);"
            tabindex="-1"
          >
            
          </div>
          
        </ngx-skeleton-loader>
      </div>
      <div
        class="playlist"
      >
        <ngx-skeleton-loader
          animation="progress-dark"
          class="playlist-img"
          count="1"
        >
          <div
            aria-busy="true"
            aria-label="loading"
            aria-valuemax="100"
            aria-valuemin="0"
            aria-valuetext="Loading..."
            class="skeleton-loader progress-dark"
            role="progressbar"
            style="height: 200px; width: 200px; background-color: rgb(44, 47, 49);"
            tabindex="-1"
          >
            
          </div>
          
        </ngx-skeleton-loader>
        <ngx-skeleton-loader
          animation="progress-dark"
          class="playlist-title"
          count="1"
        >
          <div
            aria-busy="true"
            aria-label="loading"
            aria-valuemax="100"
            aria-valuemin="0"
            aria-valuetext="Loading..."
            class="skeleton-loader progress-dark"
            role="progressbar"
            style="height: 24px; width: 200px; background-color: rgb(44, 47, 49);"
            tabindex="-1"
          >
            
          </div>
          
        </ngx-skeleton-loader>
      </div>
      <div
        class="playlist"
      >
        <ngx-skeleton-loader
          animation="progress-dark"
          class="playlist-img"
          count="1"
        >
          <div
            aria-busy="true"
            aria-label="loading"
            aria-valuemax="100"
            aria-valuemin="0"
            aria-valuetext="Loading..."
            class="skeleton-loader progress-dark"
            role="progressbar"
            style="height: 200px; width: 200px; background-color: rgb(44, 47, 49);"
            tabindex="-1"
          >
            
          </div>
          
        </ngx-skeleton-loader>
        <ngx-skeleton-loader
          animation="progress-dark"
          class="playlist-title"
          count="1"
        >
          <div
            aria-busy="true"
            aria-label="loading"
            aria-valuemax="100"
            aria-valuemin="0"
            aria-valuetext="Loading..."
            class="skeleton-loader progress-dark"
            role="progressbar"
            style="height: 24px; width: 200px; background-color: rgb(44, 47, 49);"
            tabindex="-1"
          >
            
          </div>
          
        </ngx-skeleton-loader>
      </div>
      <div
        class="playlist"
      >
        <ngx-skeleton-loader
          animation="progress-dark"
          class="playlist-img"
          count="1"
        >
          <div
            aria-busy="true"
            aria-label="loading"
            aria-valuemax="100"
            aria-valuemin="0"
            aria-valuetext="Loading..."
            class="skeleton-loader progress-dark"
            role="progressbar"
            style="height: 200px; width: 200px; background-color: rgb(44, 47, 49);"
            tabindex="-1"
          >
            
          </div>
          
        </ngx-skeleton-loader>
        <ngx-skeleton-loader
          animation="progress-dark"
          class="playlist-title"
          count="1"
        >
          <div
            aria-busy="true"
            aria-label="loading"
            aria-valuemax="100"
            aria-valuemin="0"
            aria-valuetext="Loading..."
            class="skeleton-loader progress-dark"
            role="progressbar"
            style="height: 24px; width: 200px; background-color: rgb(44, 47, 49);"
            tabindex="-1"
          >
            
          </div>
          
        </ngx-skeleton-loader>
      </div>
      <div
        class="playlist"
      >
        <ngx-skeleton-loader
          animation="progress-dark"
          class="playlist-img"
          count="1"
        >
          <div
            aria-busy="true"
            aria-label="loading"
            aria-valuemax="100"
            aria-valuemin="0"
            aria-valuetext="Loading..."
            class="skeleton-loader progress-dark"
            role="progressbar"
            style="height: 200px; width: 200px; background-color: rgb(44, 47, 49);"
            tabindex="-1"
          >
            
          </div>
          
        </ngx-skeleton-loader>
        <ngx-skeleton-loader
          animation="progress-dark"
          class="playlist-title"
          count="1"
        >
          <div
            aria-busy="true"
            aria-label="loading"
            aria-valuemax="100"
            aria-valuemin="0"
            aria-valuetext="Loading..."
            class="skeleton-loader progress-dark"
            role="progressbar"
            style="height: 24px; width: 200px; background-color: rgb(44, 47, 49);"
            tabindex="-1"
          >
            
          </div>
          
        </ngx-skeleton-loader>
      </div>
      <div
        class="playlist"
      >
        <ngx-skeleton-loader
          animation="progress-dark"
          class="playlist-img"
          count="1"
        >
          <div
            aria-busy="true"
            aria-label="loading"
            aria-valuemax="100"
            aria-valuemin="0"
            aria-valuetext="Loading..."
            class="skeleton-loader progress-dark"
            role="progressbar"
            style="height: 200px; width: 200px; background-color: rgb(44, 47, 49);"
            tabindex="-1"
          >
            
          </div>
          
        </ngx-skeleton-loader>
        <ngx-skeleton-loader
          animation="progress-dark"
          class="playlist-title"
          count="1"
        >
          <div
            aria-busy="true"
            aria-label="loading"
            aria-valuemax="100"
            aria-valuemin="0"
            aria-valuetext="Loading..."
            class="skeleton-loader progress-dark"
            role="progressbar"
            style="height: 24px; width: 200px; background-color: rgb(44, 47, 49);"
            tabindex="-1"
          >
            
          </div>
          
        </ngx-skeleton-loader>
      </div>
      <div
        class="playlist"
      >
        <ngx-skeleton-loader
          animation="progress-dark"
          class="playlist-img"
          count="1"
        >
          <div
            aria-busy="true"
            aria-label="loading"
            aria-valuemax="100"
            aria-valuemin="0"
            aria-valuetext="Loading..."
            class="skeleton-loader progress-dark"
            role="progressbar"
            style="height: 200px; width: 200px; background-color: rgb(44, 47, 49);"
            tabindex="-1"
          >
            
          </div>
          
        </ngx-skeleton-loader>
        <ngx-skeleton-loader
          animation="progress-dark"
          class="playlist-title"
          count="1"
        >
          <div
            aria-busy="true"
            aria-label="loading"
            aria-valuemax="100"
            aria-valuemin="0"
            aria-valuetext="Loading..."
            class="skeleton-loader progress-dark"
            role="progressbar"
            style="height: 24px; width: 200px; background-color: rgb(44, 47, 49);"
            tabindex="-1"
          >
            
          </div>
          
        </ngx-skeleton-loader>
      </div>
      <div
        class="playlist"
      >
        <ngx-skeleton-loader
          animation="progress-dark"
          class="playlist-img"
          count="1"
        >
          <div
            aria-busy="true"
            aria-label="loading"
            aria-valuemax="100"
            aria-valuemin="0"
            aria-valuetext="Loading..."
            class="skeleton-loader progress-dark"
            role="progressbar"
            style="height: 200px; width: 200px; background-color: rgb(44, 47, 49);"
            tabindex="-1"
          >
            
          </div>
          
        </ngx-skeleton-loader>
        <ngx-skeleton-loader
          animation="progress-dark"
          class="playlist-title"
          count="1"
        >
          <div
            aria-busy="true"
            aria-label="loading"
            aria-valuemax="100"
            aria-valuemin="0"
            aria-valuetext="Loading..."
            class="skeleton-loader progress-dark"
            role="progressbar"
            style="height: 24px; width: 200px; background-color: rgb(44, 47, 49);"
            tabindex="-1"
          >
            
          </div>
          
        </ngx-skeleton-loader>
      </div>
      <div
        class="playlist"
      >
        <ngx-skeleton-loader
          animation="progress-dark"
          class="playlist-img"
          count="1"
        >
          <div
            aria-busy="true"
            aria-label="loading"
            aria-valuemax="100"
            aria-valuemin="0"
            aria-valuetext="Loading..."
            class="skeleton-loader progress-dark"
            role="progressbar"
            style="height: 200px; width: 200px; background-color: rgb(44, 47, 49);"
            tabindex="-1"
          >
            
          </div>
          
        </ngx-skeleton-loader>
        <ngx-skeleton-loader
          animation="progress-dark"
          class="playlist-title"
          count="1"
        >
          <div
            aria-busy="true"
            aria-label="loading"
            aria-valuemax="100"
            aria-valuemin="0"
            aria-valuetext="Loading..."
            class="skeleton-loader progress-dark"
            role="progressbar"
            style="height: 24px; width: 200px; background-color: rgb(44, 47, 49);"
            tabindex="-1"
          >
            
          </div>
          
        </ngx-skeleton-loader>
      </div>
      
    </div>
    
  </div>
</div>
`;
