// Jest Snapshot v1, https://goo.gl/fbAQLP

exports[`SearchComponent should render 1`] = `
<div
  id="root0"
>
  <div
    class="search"
  >
    <mat-form-field
      appearance="fill"
      class="mat-mdc-form-field search-input-field mat-mdc-form-field-type-mat-input mat-form-field-no-animations mat-form-field-appearance-fill mat-primary ng-untouched ng-valid mat-focused ng-dirty"
    >
      
      <div
        class="mat-mdc-text-field-wrapper mdc-text-field mdc-text-field--filled mdc-text-field--no-label mdc-text-field--focused"
      >
        <div
          class="mat-mdc-form-field-focus-overlay"
        />
        
        <div
          class="mat-mdc-form-field-flex"
        >
          
          
          
          <div
            class="mat-mdc-form-field-infix"
          >
            
            
            
            <input
              aria-invalid="false"
              aria-label="search"
              aria-required="false"
              class="mat-mdc-input-element mat-mdc-form-field-input-control mdc-text-field__input ng-untouched ng-valid cdk-text-field-autofill-monitored ng-dirty"
              matinput=""
              placeholder="Search for specific song..."
              type="text"
            />
          </div>
          
          
        </div>
        <div
          class="mdc-line-ripple mdc-line-ripple--active"
          matformfieldlineripple=""
        />
        
      </div>
      <div
        class="mat-mdc-form-field-subscript-wrapper mat-mdc-form-field-bottom-align"
      >
        <div
          class="mat-mdc-form-field-hint-wrapper ng-trigger ng-trigger-transitionMessages"
          style="opacity: 1; transform: translateY(0%);"
        >
          
          <div
            class="mat-mdc-form-field-hint-spacer"
          />
        </div>
        
        
      </div>
    </mat-form-field>
    <ul
      class="track-list"
    >
      <li
        class="track"
      >
        <div
          class="song-info"
        >
          <img
            class="track-img"
            fetchpriority="auto"
            height="90"
            loading="lazy"
            ng-img="true"
            src="https://i.scdn.co/image/ab67616d00001e02510b37e772bdf2e8204beb0a"
            width="90"
          />
          <div
            class="album-artist"
          >
            <h2
              class="name"
            >
              Małgośka
            </h2>
            <span
              class="album-name"
            >
               Sześć Oceanów (Piosenki 1962-2013) 
            </span>
            <div
              class="time"
            >
              <span
                class="artist"
              >
                Maryla Rodowicz
              </span>
              
            </div>
          </div>
        </div>
        <span
          class="track-artist"
        >
          4:25
        </span>
      </li>
      
    </ul>
    
    
  </div>
</div>
`;
